// Jest Snapshot v1, https://goo.gl/fbAQLP

exports[`drop-cap 1`] = `
<article>
  <section
    style="position: relative; width: 815.98px; padding: 96.00px 96.00px 96.00px 96.00px;"
  >
    <p
      class="docx-viewer-0-p"
      style="float: left; margin-top: 0.93px; min-height: 44.7pt; line-height: 44.7pt; vertical-align: baseline;"
    >
      <span
        class="docx-viewer-0-r"
        style="font-family: var(--docx-theme-font-minorEastAsia); vertical-align: 3.33px; font-size: 52.67px;"
      >
        首
      </span>
    </p>
    <p
      class="docx-viewer-0-p"
    >
      <span
        class="docx-viewer-0-r"
      >
        字下沉
      </span>
    </p>
  </section>
</article>
`;
