// Jest Snapshot v1, https://goo.gl/fbAQLP

exports[`w 1`] = `
<article>
  <section
    style="position: relative; width: 815.98px; padding: 96.00px 96.00px 96.00px 96.00px;"
  >
    <p
      class="docx-viewer-0-p"
      style="position: relative;"
    >
      <span
        class="docx-viewer-0-r"
        style="transform: scaleX(2); display: inline-block;"
      >
        ä¸­
      </span>
    </p>
  </section>
</article>
`;
