// Jest Snapshot v1, https://goo.gl/fbAQLP

exports[`lexer:filter 1`] = `
[
  "<Raw> $abc is ",
  "<OpenScript> \${",
  "<Identifier> abc",
  "<OpenFilter> |",
  "<Char>  ",
  "<Identifier> date",
  "<Punctuator> :",
  "<Char>  ",
  "<Identifier> YYYY",
  "<Punctuator> -",
  "<Identifier> MM",
  "<Punctuator> -",
  "<Identifier> DD",
  "<Char>  ",
  "<Identifier> HH:mm:ss",
  "<CloseScript> }",
  "<EOF> undefined",
]
`;

exports[`lexer:filter 2`] = `
[
  "<Raw> $abc is ",
  "<OpenScript> \${",
  "<Identifier> abc",
  "<OpenFilter> |",
  "<Char>  ",
  "<Identifier> isTrue",
  "<Char>  ",
  "<Punctuator> :",
  "<Char>  ",
  "<Identifier> trueValue",
  "<Char>  ",
  "<Punctuator> :",
  "<Char>  ",
  "<Identifier> falseValue",
  "<CloseScript> }",
  "<EOF> undefined",
]
`;

exports[`lexer:simple 1`] = `
[
  "<Raw> expression result is ",
  "<OpenScript> \${",
  "<Identifier> a",
  "<Punctuator> +",
  "<Identifier> b",
  "<CloseScript> }",
  "<EOF> undefined",
]
`;
