// Jest Snapshot v1, https://goo.gl/fbAQLP

exports[`svg 1`] = `
<article>
  <section
    style="position: relative; width: 815.98px; padding: 96.00px 96.00px 96.00px 96.00px;"
  >
    <p
      class="docx-viewer-0-p"
      style="position: relative;"
    >
      <span
        class="docx-viewer-0-r"
      >
        <div
          data-id="2"
          data-name="Graphic 2"
          style="display: inline-block; width: 623.98px; height: 623.98px;"
        >
          <img
            alt=""
            src="blob:http://localhost/mock"
            style="position: relative; left: 0.00px; top: 0.00px; width: 623.98px; height: 623.98px;"
          />
        </div>
      </span>
    </p>
  </section>
</article>
`;
