// Jest Snapshot v1, https://goo.gl/fbAQLP

exports[`Renderer:chained-select 1`] = `
<div>
  <div
    class="cxd-Panel cxd-Panel--default cxd-Panel--form"
  >
    <div
      class="cxd-Panel-heading"
    >
      <h3
        class="cxd-Panel-title"
      >
        <span
          class="cxd-TplField"
        >
          <span>
            表单
          </span>
        </span>
      </h3>
    </div>
    <div
      class="cxd-Panel-body"
    >
      <form
        class="cxd-Form cxd-Form--normal"
        novalidate=""
      >
        <input
          style="display: none;"
          type="submit"
        />
        <div
          class="cxd-JsonField cxd-Form--debug"
        >
          <div
            class="react-json-view"
            style="font-family: monospace; cursor: default; background-color: rgba(0, 0, 0, 0); position: relative;"
          >
            <div
              class="pretty-json-container object-container"
            >
              <div
                class="object-content"
              >
                <div
                  class="object-key-val"
                >
                  <span>
                    <span
                      style="display: inline-block; cursor: pointer;"
                    >
                      <div
                        class="icon-container"
                        style="display: inline-block; width: 17px;"
                      >
                        <span
                          class="expanded-icon"
                        >
                          <svg
                            fill="#586e75"
                            height="1em"
                            style="vertical-align: middle; color: rgb(88, 110, 117); height: 1em; width: 1em;"
                            viewBox="0 0 1792 1792"
                            width="1em"
                          >
                            <path
                              d="M1344 800v64q0 14-9 23t-23 9h-832q-14 0-23-9t-9-23v-64q0-14 9-23t23-9h832q14 0 23 9t9 23zm128 448v-832q0-66-47-113t-113-47h-832q-66 0-113 47t-47 113v832q0 66 47 113t113 47h832q66 0 113-47t47-113zm128-832v832q0 119-84.5 203.5t-203.5 84.5h-832q-119 0-203.5-84.5t-84.5-203.5v-832q0-119 84.5-203.5t203.5-84.5h832q119 0 203.5 84.5t84.5 203.5z"
                            />
                          </svg>
                        </span>
                      </div>
                      <span />
                      <span
                        style="display: inline-block; cursor: pointer; font-weight: bold; color: rgb(0, 43, 54);"
                      >
                        {
                      </span>
                    </span>
                    <div
                      class="object-meta-data"
                      style="display: inline-block; padding: 0px 0px 0px 10px;"
                    >
                      <span
                        class="object-size"
                        style="color: rgba(0, 0, 0, 0.3); border-radius: 3px; font-style: italic; margin: 0px 6px 0px 0px; cursor: default;"
                      >
                        1
                         item
                      </span>
                    </div>
                  </span>
                  <div
                    class="pushed-content object-container"
                  >
                    <div
                      class="object-content"
                      style="margin-left: 6px;"
                    >
                      <div
                        class="variable-row"
                        style="border-left: 1px solid rgb(235, 235, 235); padding: 3px 5px 3px 20px;"
                      >
                        <span>
                          <span
                            class="object-key"
                            style="display: inline-block; color: rgb(0, 43, 54); letter-spacing: 0.5px; font-style: none; vertical-align: top; opacity: 0.85;"
                          >
                            <span
                              style="vertical-align: top;"
                            >
                              "
                            </span>
                            <span
                              style="display: inline-block;"
                            >
                              select3
                            </span>
                            <span
                              style="vertical-align: top;"
                            >
                              "
                            </span>
                          </span>
                          <span
                            style="display: inline-block; margin: 0px 5px; color: rgb(0, 43, 54); vertical-align: top;"
                          >
                            :
                          </span>
                        </span>
                        <div
                          class="variable-value"
                          style="display: inline-block; padding-right: 6px; position: relative; cursor: default;"
                        >
                          <div
                            style="display: inline-block; color: rgb(203, 75, 22);"
                          >
                            <span
                              class="string-value"
                              style="cursor: default;"
                            >
                              "
                              a,b
                              "
                            </span>
                          </div>
                        </div>
                      </div>
                    </div>
                  </div>
                  <span
                    class="brace-row"
                  >
                    <span
                      style="display: inline-block; cursor: pointer; font-weight: bold; color: rgb(0, 43, 54); padding-left: 3px;"
                    >
                      }
                    </span>
                  </span>
                </div>
              </div>
            </div>
          </div>
        </div>
        <div
          class="cxd-Form-item cxd-Form-item--normal"
          data-role="form-item"
        >
          <label
            class="cxd-Form-label"
          >
            <span>
              <span
                class="cxd-TplField"
              >
                <span>
                  级联下拉
                </span>
              </span>
            </span>
          </label>
          <div
            class="cxd-ChainedSelectControl cxd-Form-control"
          >
            <div
              aria-expanded="false"
              aria-haspopup="listbox"
              class="cxd-Select cxd-Select--inline"
              role="combobox"
              tabindex="0"
            >
              <div
                class="cxd-Select-valueWrap"
              >
                <div
                  class="cxd-Select-value"
                >
                  A 0
                </div>
              </div>
              <span
                class="cxd-Select-arrow"
              >
                <icon-mock
                  classname="icon icon-right-arrow-bold"
                  icon="right-arrow-bold"
                />
              </span>
            </div>
            <div
              aria-expanded="false"
              aria-haspopup="listbox"
              class="cxd-Select cxd-Select--inline"
              role="combobox"
              tabindex="0"
            >
              <div
                class="cxd-Select-valueWrap"
              >
                <div
                  class="cxd-Select-value"
                >
                  B 1
                </div>
              </div>
              <span
                class="cxd-Select-arrow"
              >
                <icon-mock
                  classname="icon icon-right-arrow-bold"
                  icon="right-arrow-bold"
                />
              </span>
            </div>
            <div
              aria-expanded="false"
              aria-haspopup="listbox"
              class="cxd-Select cxd-Select--inline"
              role="combobox"
              tabindex="0"
            >
              <div
                class="cxd-Select-valueWrap"
              >
                <div
                  class="cxd-Select-value"
                >
                  D 2
                </div>
              </div>
              <span
                class="cxd-Select-arrow"
              >
                <icon-mock
                  classname="icon icon-right-arrow-bold"
                  icon="right-arrow-bold"
                />
              </span>
            </div>
            <div
              aria-expanded="false"
              aria-haspopup="listbox"
              class="cxd-Select cxd-Select--inline"
              role="combobox"
              tabindex="0"
            >
              <div
                class="cxd-Select-valueWrap"
              >
                <div
                  class="cxd-Select-value"
                >
                  C 3
                </div>
              </div>
              <span
                class="cxd-Select-arrow"
              >
                <icon-mock
                  classname="icon icon-right-arrow-bold"
                  icon="right-arrow-bold"
                />
              </span>
            </div>
            <div
              class="cxd-Spinner in cxd-ChainedSelectControl-spinner"
              data-testid="spinner"
            >
              <div
                class="cxd-Spinner-icon cxd-Spinner-icon--sm cxd-Spinner-icon--default"
              />
            </div>
          </div>
        </div>
      </form>
    </div>
    <div
      class="cxd-Panel-footerWrap"
    >
      <div
        class="cxd-Panel-btnToolbar cxd-Panel-footer"
      >
        <button
          class="cxd-Button cxd-Button--primary cxd-Button--size-default"
          type="submit"
        >
          <span>
            提交
          </span>
        </button>
      </div>
    </div>
  </div>
</div>
`;
