// Jest Snapshot v1, https://goo.gl/fbAQLP

exports[`Renderer:input table 1`] = `
<div>
  <div
    class="cxd-Page"
  >
    <div
      class="cxd-Page-content"
    >
      <div
        class="cxd-Page-main"
      >
        <div
          class="cxd-Page-body"
          role="page-body"
        >
          <div
            class="cxd-Panel cxd-Panel--default cxd-Panel--form"
            style="position: relative;"
          >
            <div
              class="cxd-Panel-heading"
            >
              <h3
                class="cxd-Panel-title"
              >
                <span
                  class="cxd-TplField"
                >
                  <span>
                    表单
                  </span>
                </span>
              </h3>
            </div>
            <div
              class="cxd-Panel-body"
            >
              <form
                class="cxd-Form cxd-Form--normal"
                novalidate=""
              >
                <input
                  style="display: none;"
                  type="submit"
                />
                <div
                  class="cxd-JsonField cxd-Form--debug"
                >
                  <div
                    class="react-json-view"
                    style="font-family: monospace; cursor: default; background-color: rgba(0, 0, 0, 0); position: relative;"
                  >
                    <div
                      class="pretty-json-container object-container"
                    >
                      <div
                        class="object-content"
                      >
                        <div
                          class="object-key-val"
                        >
                          <span>
                            <span
                              style="display: inline-block; cursor: pointer;"
                            >
                              <div
                                class="icon-container"
                                style="display: inline-block; width: 17px;"
                              >
                                <span
                                  class="expanded-icon"
                                >
                                  <svg
                                    fill="#586e75"
                                    height="1em"
                                    style="vertical-align: middle; color: rgb(88, 110, 117); height: 1em; width: 1em;"
                                    viewBox="0 0 1792 1792"
                                    width="1em"
                                  >
                                    <path
                                      d="M1344 800v64q0 14-9 23t-23 9h-832q-14 0-23-9t-9-23v-64q0-14 9-23t23-9h832q14 0 23 9t9 23zm128 448v-832q0-66-47-113t-113-47h-832q-66 0-113 47t-47 113v832q0 66 47 113t113 47h832q66 0 113-47t47-113zm128-832v832q0 119-84.5 203.5t-203.5 84.5h-832q-119 0-203.5-84.5t-84.5-203.5v-832q0-119 84.5-203.5t203.5-84.5h832q119 0 203.5 84.5t84.5 203.5z"
                                    />
                                  </svg>
                                </span>
                              </div>
                              <span />
                              <span
                                style="display: inline-block; cursor: pointer; font-weight: bold; color: rgb(0, 43, 54);"
                              >
                                {
                              </span>
                            </span>
                            <div
                              class="object-meta-data"
                              style="display: inline-block; padding: 0px 0px 0px 10px;"
                            >
                              <span
                                class="object-size"
                                style="color: rgba(0, 0, 0, 0.3); border-radius: 3px; font-style: italic; margin: 0px 6px 0px 0px; cursor: default;"
                              >
                                1
                                 item
                              </span>
                            </div>
                          </span>
                          <div
                            class="pushed-content object-container"
                          >
                            <div
                              class="object-content"
                              style="margin-left: 6px;"
                            >
                              <div
                                class="object-key-val"
                                style="border-left: 1px solid rgb(235, 235, 235); padding: 3px 5px 3px 20px;"
                              >
                                <span>
                                  <span
                                    style="display: inline-block; cursor: pointer;"
                                  >
                                    <div
                                      class="icon-container"
                                      style="display: inline-block; width: 17px;"
                                    >
                                      <span
                                        class="collapsed-icon"
                                      >
                                        <svg
                                          fill="#2aa198"
                                          height="1em"
                                          style="vertical-align: middle; color: rgb(42, 161, 152); height: 1em; width: 1em;"
                                          viewBox="0 0 1792 1792"
                                          width="1em"
                                        >
                                          <path
                                            d="M1344 800v64q0 14-9 23t-23 9h-352v352q0 14-9 23t-23 9h-64q-14 0-23-9t-9-23v-352h-352q-14 0-23-9t-9-23v-64q0-14 9-23t23-9h352v-352q0-14 9-23t23-9h64q14 0 23 9t9 23v352h352q14 0 23 9t9 23zm128 448v-832q0-66-47-113t-113-47h-832q-66 0-113 47t-47 113v832q0 66 47 113t113 47h832q66 0 113-47t47-113zm128-832v832q0 119-84.5 203.5t-203.5 84.5h-832q-119 0-203.5-84.5t-84.5-203.5v-832q0-119 84.5-203.5t203.5-84.5h832q119 0 203.5 84.5t84.5 203.5z"
                                          />
                                        </svg>
                                      </span>
                                    </div>
                                    <span
                                      style="display: inline-block; color: rgb(0, 43, 54); letter-spacing: 0.5px; font-style: none; vertical-align: top; opacity: 0.85;"
                                    >
                                      <span
                                        class="object-key"
                                      >
                                        <span
                                          style="vertical-align: top;"
                                        >
                                          "
                                        </span>
                                        <span>
                                          table
                                        </span>
                                        <span
                                          style="vertical-align: top;"
                                        >
                                          "
                                        </span>
                                      </span>
                                      <span
                                        style="display: inline-block; margin: 0px 5px; color: rgb(0, 43, 54); vertical-align: top;"
                                      >
                                        :
                                      </span>
                                    </span>
                                    <span
                                      style="display: inline-block; cursor: pointer; font-weight: bold; color: rgb(0, 43, 54);"
                                    >
                                      [
                                    </span>
                                  </span>
                                </span>
                                <div
                                  class="node-ellipsis"
                                  style="display: inline-block; color: rgb(203, 75, 22); font-size: 18px; line-height: 10px; cursor: pointer;"
                                >
                                  ...
                                </div>
                                <span
                                  class="brace-row"
                                >
                                  <span
                                    style="display: inline-block; cursor: pointer; font-weight: bold; color: rgb(0, 43, 54); padding-left: 0px;"
                                  >
                                    ]
                                  </span>
                                  <div
                                    class="object-meta-data"
                                    style="display: inline-block; padding: 0px 0px 0px 10px;"
                                  >
                                    <span
                                      class="object-size"
                                      style="color: rgba(0, 0, 0, 0.3); border-radius: 3px; font-style: italic; margin: 0px 6px 0px 0px; cursor: default;"
                                    >
                                      3
                                       item
                                      s
                                    </span>
                                  </div>
                                </span>
                              </div>
                            </div>
                          </div>
                          <span
                            class="brace-row"
                          >
                            <span
                              style="display: inline-block; cursor: pointer; font-weight: bold; color: rgb(0, 43, 54); padding-left: 3px;"
                            >
                              }
                            </span>
                          </span>
                        </div>
                      </div>
                    </div>
                  </div>
                </div>
                <div
                  class="cxd-Form-item cxd-Form-item--normal"
                  data-role="form-item"
                />
              </form>
            </div>
            <div
              class="cxd-Panel-footerWrap"
            >
              <div
                class="cxd-Panel-btnToolbar cxd-Panel-footer"
              >
                <button
                  class="cxd-Button cxd-Button--primary cxd-Button--size-default"
                  type="submit"
                >
                  <span>
                    提交
                  </span>
                </button>
              </div>
            </div>
            <div
              class="resize-sensor"
              style="position: absolute; left: 0px; top: 0px; right: 0px; bottom: 0px; overflow: scroll; z-index: -1; visibility: hidden;"
            >
              
  
              <div
                class="resize-sensor-expand"
                style="position: absolute; left: 0; top: 0; right: 0; bottom: 0; overflow: scroll; z-index: -1; visibility: hidden;"
              >
                
    
                <div
                  style="position: absolute; left: 0px; top: 0px; width: 10px; height: 10px;"
                />
                
  
              </div>
              
  
              <div
                class="resize-sensor-shrink"
                style="position: absolute; left: 0; top: 0; right: 0; bottom: 0; overflow: scroll; z-index: -1; visibility: hidden;"
              >
                
    
                <div
                  style="position: absolute; left: 0; top: 0; width: 200%; height: 200%"
                />
                
  
              </div>
              
  
              <div
                class="resize-sensor-appear"
                style="position: absolute; left: 0; top: 0; right: 0; bottom: 0; overflow: scroll; z-index: -1; visibility: hidden;animation-name: apearSensor; animation-duration: 0.2s;"
              />
            </div>
          </div>
        </div>
      </div>
    </div>
  </div>
</div>
`;

exports[`Renderer:input-table with combo column 1`] = `
<div>
  <div
    class="cxd-Panel cxd-Panel--default cxd-Panel--form"
    style="position: relative;"
  >
    <div
      class="cxd-Panel-heading"
    >
      <h3
        class="cxd-Panel-title"
      >
        <span
          class="cxd-TplField"
        >
          <span>
            表单
          </span>
        </span>
      </h3>
    </div>
    <div
      class="cxd-Panel-body"
    >
      <form
        class="cxd-Form cxd-Form--normal"
        novalidate=""
      >
        <input
          style="display: none;"
          type="submit"
        />
        <div
          class="cxd-Form-item cxd-Form-item--normal"
          data-role="form-item"
        >
          <div
            class="cxd-InputTable cxd-Form-control"
          >
            <div
              class="cxd-Table"
            >
              <div
                class="cxd-Table-contentWrap"
              >
                <div
                  class="cxd-Table-fixedLeft"
                />
                <div
                  class="cxd-Table-fixedRight"
                />
                <div
                  class="cxd-Table-content"
                  style="position: relative;"
                >
                  <table
                    class="cxd-Table-table"
                  >
                    <thead>
                      <tr
                        class=""
                      >
                        <th
                          class=""
                          data-index="3"
                        >
                          <div
                            class="cxd-TableCell--title"
                          >
                            <span
                              class="cxd-TplField"
                            >
                              <span>
                                combo column
                              </span>
                            </span>
                          </div>
                          <div
                            class="cxd-Table-content-colDragLine"
                          />
                        </th>
                      </tr>
                    </thead>
                    <tbody>
                      <tr
                        class="cxd-Table-tr--odd cxd-Table-tr--1th"
                        data-id="1"
                        data-index="0"
                      >
                        <td
                          class=""
                        >
                          <div
                            class="cxd-ComboControl cxd-Form-control"
                          >
                            <div
                              class="cxd-Combo cxd-Combo--single cxd-Combo--hor"
                            >
                              <div
                                class="cxd-Combo-item"
                              >
                                <div
                                  class="cxd-Combo-itemInner"
                                >
                                  <div
                                    class="cxd-Form cxd-Form--row cxd-Combo-form"
                                    novalidate=""
                                  >
                                    <input
                                      style="display: none;"
                                      type="submit"
                                    />
                                    <div
                                      class="cxd-Form-row"
                                    >
                                      <div
                                        class="cxd-Form-col"
                                      >
                                        <div
                                          class="cxd-Form-item cxd-Form-item--row"
                                          data-role="form-item"
                                        >
                                          <div
                                            class="cxd-Form-rowInner"
                                          >
                                            <div
                                              class="cxd-NumberControl cxd-Form-control"
                                            >
                                              <div
                                                class="cxd-Number cxd-Number--borderFull"
                                              >
                                                <div
                                                  class="cxd-Number-handler-wrap"
                                                >
                                                  <span
                                                    aria-disabled="false"
                                                    aria-label="Increase Value"
                                                    class="cxd-Number-handler cxd-Number-handler-up"
                                                    role="button"
                                                    unselectable="on"
                                                  >
                                                    <span
                                                      class="cxd-Number-handler-up-inner"
                                                      unselectable="on"
                                                    />
                                                  </span>
                                                  <span
                                                    aria-disabled="false"
                                                    aria-label="Decrease Value"
                                                    class="cxd-Number-handler cxd-Number-handler-down"
                                                    role="button"
                                                    unselectable="on"
                                                  >
                                                    <span
                                                      class="cxd-Number-handler-down-inner"
                                                      unselectable="on"
                                                    />
                                                  </span>
                                                </div>
                                                <div
                                                  class="cxd-Number-input-wrap"
                                                >
                                                  <input
                                                    aria-valuenow="88"
                                                    autocomplete="off"
                                                    class="cxd-Number-input"
                                                    placeholder="请手动输入分数"
                                                    role="spinbutton"
                                                    step="1"
                                                    value="88"
                                                  />
                                                </div>
                                              </div>
                                            </div>
                                          </div>
                                        </div>
                                      </div>
                                      <div
                                        class="cxd-Form-col"
                                      >
                                        <div
                                          class="cxd-Form-item cxd-Form-item--row"
                                          data-role="form-item"
                                        >
                                          <div
                                            class="cxd-Form-rowInner"
                                          >
                                            <div
                                              class="cxd-Form-control cxd-TextControl"
                                            >
                                              <div
                                                class="cxd-TextControl-input"
                                              >
                                                <input
                                                  autocomplete="off"
                                                  class=""
                                                  name="comment"
                                                  placeholder="请手动输入意见"
                                                  size="10"
                                                  type="text"
                                                  value="this is comment msg!!"
                                                />
                                              </div>
                                            </div>
                                          </div>
                                        </div>
                                      </div>
                                    </div>
                                  </div>
                                </div>
                              </div>
                            </div>
                          </div>
                        </td>
                      </tr>
                    </tbody>
                  </table>
                  <div
                    class="resize-sensor"
                    style="position: absolute; left: 0px; top: 0px; right: 0px; bottom: 0px; overflow: scroll; z-index: -1; visibility: hidden;"
                  >
                    
  
                    <div
                      class="resize-sensor-expand"
                      style="position: absolute; left: 0; top: 0; right: 0; bottom: 0; overflow: scroll; z-index: -1; visibility: hidden;"
                    >
                      
    
                      <div
                        style="position: absolute; left: 0px; top: 0px; width: 10px; height: 10px;"
                      />
                      
  
                    </div>
                    
  
                    <div
                      class="resize-sensor-shrink"
                      style="position: absolute; left: 0; top: 0; right: 0; bottom: 0; overflow: scroll; z-index: -1; visibility: hidden;"
                    >
                      
    
                      <div
                        style="position: absolute; left: 0; top: 0; width: 200%; height: 200%"
                      />
                      
  
                    </div>
                    
  
                    <div
                      class="resize-sensor-appear"
                      style="position: absolute; left: 0; top: 0; right: 0; bottom: 0; overflow: scroll; z-index: -1; visibility: hidden;animation-name: apearSensor; animation-duration: 0.2s;"
                    />
                  </div>
                </div>
              </div>
            </div>
          </div>
        </div>
      </form>
    </div>
    <div
      class="cxd-Panel-footerWrap"
    >
      <div
        class="cxd-Panel-btnToolbar cxd-Panel-footer"
      >
        <button
          class="cxd-Button cxd-Button--primary cxd-Button--size-default"
          type="submit"
        >
          <span>
            SubmitBtn
          </span>
        </button>
      </div>
    </div>
    <div
      class="resize-sensor"
      style="position: absolute; left: 0px; top: 0px; right: 0px; bottom: 0px; overflow: scroll; z-index: -1; visibility: hidden;"
    >
      
  
      <div
        class="resize-sensor-expand"
        style="position: absolute; left: 0; top: 0; right: 0; bottom: 0; overflow: scroll; z-index: -1; visibility: hidden;"
      >
        
    
        <div
          style="position: absolute; left: 0px; top: 0px; width: 10px; height: 10px;"
        />
        
  
      </div>
      
  
      <div
        class="resize-sensor-shrink"
        style="position: absolute; left: 0; top: 0; right: 0; bottom: 0; overflow: scroll; z-index: -1; visibility: hidden;"
      >
        
    
        <div
          style="position: absolute; left: 0; top: 0; width: 200%; height: 200%"
        />
        
  
      </div>
      
  
      <div
        class="resize-sensor-appear"
        style="position: absolute; left: 0; top: 0; right: 0; bottom: 0; overflow: scroll; z-index: -1; visibility: hidden;animation-name: apearSensor; animation-duration: 0.2s;"
      />
    </div>
  </div>
</div>
`;
