// Jest Snapshot v1, https://goo.gl/fbAQLP

exports[`Renderer:panel 1`] = `
<div>
  <div
    class="cxd-Panel cxd-Panel--default cxd-Panel--form"
  >
    <div
      class="cxd-Panel-heading"
    >
      <h3
        class="cxd-Panel-title"
      >
        <span
          class="cxd-TplField"
        >
          <span>
            The form
          </span>
        </span>
      </h3>
    </div>
    <div
      class="cxd-Panel-body"
    >
      <form
        class="cxd-Form cxd-Form--normal"
        novalidate=""
      >
        <input
          style="display: none;"
          type="submit"
        />
        <div
          class="cxd-Form-item cxd-Form-item--normal"
          data-role="form-item"
        >
          <div
            class="cxd-Hbox cxd-Hbox--xs"
          >
            <div
              class="cxd-Hbox-col"
            >
              <div
                class="cxd-Form-item cxd-Form-item--normal"
                data-role="form-item"
              >
                <div
                  class="cxd-Panel cxd-Panel--default"
                >
                  <div
                    class="cxd-Panel-heading"
                  >
                    <h3
                      class="cxd-Panel-title"
                    >
                      <span
                        class="cxd-TplField"
                      >
                        <span>
                          bla bla
                        </span>
                      </span>
                    </h3>
                  </div>
                  <div
                    class="bg-white"
                  >
                    <span
                      class="cxd-PlainField"
                    >
                      <span
                        class="text-muted"
                      >
                        Text
                      </span>
                    </span>
                  </div>
                  <div
                    class="cxd-Panel-footerWrap"
                  >
                    <div
                      class="bg-black"
                    >
                      <span
                        class="cxd-TplField"
                      >
                        <span>
                          <p>
                            footer 内容
                          </p>
                        </span>
                      </span>
                    </div>
                  </div>
                </div>
              </div>
            </div>
            <div
              class="cxd-Hbox-col"
            >
              <div
                class="cxd-Form-item cxd-Form-item--normal"
                data-role="form-item"
              >
                <div
                  class="cxd-Panel cxd-Panel--default"
                >
                  <div
                    class="cxd-Panel-heading"
                  >
                    <h3
                      class="cxd-Panel-title"
                    >
                      <span
                        class="cxd-TplField"
                      >
                        <span>
                          bla bla
                        </span>
                      </span>
                    </h3>
                  </div>
                  <div
                    class="cxd-Panel-body"
                  >
                    <div
                      class="cxd-Form-item cxd-Form-item--normal"
                      data-role="form-item"
                    >
                      <div
                        class="cxd-Form-control cxd-TextControl"
                      >
                        <div
                          class="cxd-TextControl-input"
                        >
                          <input
                            autocomplete="off"
                            class=""
                            name="text"
                            placeholder="Text 1"
                            size="10"
                            type="text"
                            value=""
                          />
                        </div>
                      </div>
                    </div>
                    <div
                      class="cxd-Form-item cxd-Form-item--normal"
                      data-role="form-item"
                    >
                      <div
                        class="cxd-Form-control cxd-TextControl"
                      >
                        <div
                          class="cxd-TextControl-input"
                        >
                          <input
                            autocomplete="off"
                            class=""
                            name="text2"
                            placeholder="Text 2"
                            size="10"
                            type="text"
                            value=""
                          />
                        </div>
                      </div>
                    </div>
                  </div>
                </div>
              </div>
            </div>
          </div>
        </div>
      </form>
    </div>
  </div>
</div>
`;
