// Jest Snapshot v1, https://goo.gl/fbAQLP

exports[`Renderer:city 1`] = `
<div>
  <div
    class="cxd-Panel cxd-Panel--default cxd-Panel--form"
    style="position: relative;"
  >
    <div
      class="cxd-Panel-heading"
    >
      <h3
        class="cxd-Panel-title"
      >
        <span
          class="cxd-TplField"
        >
          <span>
            The form
          </span>
        </span>
      </h3>
    </div>
    <div
      class="cxd-Panel-body"
    >
      <form
        class="cxd-Form cxd-Form--normal"
        novalidate=""
      >
        <input
          style="display: none;"
          type="submit"
        />
        <div
          class="cxd-Form-item cxd-Form-item--normal"
          data-role="form-item"
        >
          <label
            class="cxd-Form-label"
          >
            <span>
              <span
                class="cxd-TplField"
              >
                <span>
                  city
                </span>
              </span>
            </span>
          </label>
          <div
            class="cxd-CityPicker cxd-Form-control"
          >
            <div
              class="cxd-Form-item cxd-Form-item--normal"
              data-role="form-item"
            >
              <div
                class="cxd-NestedSelectControl cxd-Form-control"
              >
                <div
                  class="cxd-ResultBox cxd-NestedSelect cxd-NestedSelect--single is-clickable is-clearable"
                  tabindex="0"
                >
                  <span
                    class="cxd-ResultBox-singleValue"
                  >
                    <span
                      class="cxd-Select-valueLabel"
                    >
                      <span>
                        <span
                          class=""
                        >
                          河
                        </span>
                        <span
                          class=""
                        >
                          北
                        </span>
                        <span
                          class=""
                        >
                          省
                        </span>
                        &gt;
                      </span>
                      <span>
                        <span
                          class=""
                        >
                          石
                        </span>
                        <span
                          class=""
                        >
                          家
                        </span>
                        <span
                          class=""
                        >
                          庄
                        </span>
                        <span
                          class=""
                        >
                          市
                        </span>
                        &gt;
                      </span>
                      <span>
                        <span
                          class=""
                        >
                          长
                        </span>
                        <span
                          class=""
                        >
                          安
                        </span>
                        <span
                          class=""
                        >
                          区
                        </span>
                      </span>
                    </span>
                  </span>
                  <a
                    class="cxd-ResultBox-clear cxd-ResultBox-clear-with-arrow"
                  >
                    <div
                      class="cxd-ResultBox-clear-wrap"
                    >
                      <icon-mock
                        classname="icon icon-input-clear"
                        icon="input-clear"
                      />
                    </div>
                  </a>
                  <span
                    class="cxd-ResultBox-pc-arrow"
                  >
                    <icon-mock
<<<<<<< HEAD
                      classname="icon icon-right-arrow-bold"
                      icon="right-arrow-bold"
=======
                      classname="icon icon-caret"
                      icon="caret"
>>>>>>> 2d1991a8 (feat: 调整input-city测试用例)
                    />
                  </span>
                </div>
              </div>
            </div>
          </div>
        </div>
      </form>
    </div>
    <div
      class="resize-sensor"
      style="position: absolute; left: 0px; top: 0px; right: 0px; bottom: 0px; overflow: scroll; z-index: -1; visibility: hidden;"
    >
      
  
      <div
        class="resize-sensor-expand"
        style="position: absolute; left: 0; top: 0; right: 0; bottom: 0; overflow: scroll; z-index: -1; visibility: hidden;"
      >
        
    
        <div
          style="position: absolute; left: 0px; top: 0px; width: 10px; height: 10px;"
        />
        
  
      </div>
      
  
      <div
        class="resize-sensor-shrink"
        style="position: absolute; left: 0; top: 0; right: 0; bottom: 0; overflow: scroll; z-index: -1; visibility: hidden;"
      >
        
    
        <div
          style="position: absolute; left: 0; top: 0; width: 200%; height: 200%"
        />
        
  
      </div>
      
  
      <div
        class="resize-sensor-appear"
        style="position: absolute; left: 0; top: 0; right: 0; bottom: 0; overflow: scroll; z-index: -1; visibility: hidden;animation-name: apearSensor; animation-duration: 0.2s;"
      />
    </div>
  </div>
</div>
`;
