// Jest Snapshot v1, https://goo.gl/fbAQLP

exports[`Renderer:condition-builder 1`] = `
<div>
  <div
    class="cxd-Page"
  >
    <div
      class="cxd-Page-content"
    >
      <div
        class="cxd-Page-main"
      >
        <div
          class="cxd-Page-body"
        >
          <div
            class="cxd-Panel cxd-Panel--default cxd-Panel--form"
            style="position: relative;"
          >
            <div
              class="cxd-Panel-heading"
            >
              <h3
                class="cxd-Panel-title"
              >
                <span
                  class="cxd-TplField"
                >
                  <span>
                    表单
                  </span>
                </span>
              </h3>
            </div>
            <div
              class="cxd-Panel-body"
            >
              <form
                class="cxd-Form cxd-Form--normal"
                novalidate=""
              >
                <input
                  style="display: none;"
                  type="submit"
                />
                <pre>
                  <code>
                    {}
                  </code>
                </pre>
                <div
                  class="cxd-Form-item cxd-Form-item--normal"
                  data-role="form-item"
                >
                  <label
                    class="cxd-Form-label"
                  >
                    <span>
                      <span
                        class="cxd-TplField"
                      >
                        <span>
                          条件组件
                        </span>
                      </span>
                    </span>
                  </label>
                  <div
                    class="cxd-ConditionBuilderControl cxd-Form-control"
                  >
                    <div
                      class="cxd-CBGroup"
                    >
                      <div
                        class="cxd-CBGroup-toolbar"
                      >
                        <div
                          class="cxd-CBGroup-toolbarCondition"
                        >
                          <div
                            class="cxd-ButtonGroup"
                          >
                            <button
                              class="cxd-Button cxd-Button--default cxd-Button--xs is-active"
                              type="button"
                            >
                              并且
                            </button>
                            <button
                              class="cxd-Button cxd-Button--default cxd-Button--xs"
                              type="button"
                            >
                              或者
                            </button>
                          </div>
                        </div>
                        <div
                          class="cxd-CBGroup-toolbarConditionAdd"
                        >
                          <div
                            class="cxd-ButtonGroup"
                          >
                            <button
                              class="cxd-Button cxd-Button--default cxd-Button--xs"
                              type="button"
                            >
                              <icon-mock
                                classname="icon icon-plus"
                                icon="plus"
                              />
                              添加条件
                            </button>
                            <button
                              class="cxd-Button cxd-Button--default cxd-Button--xs"
                              type="button"
                            >
                              <icon-mock
                                classname="icon icon-plus-cicle"
                                icon="plus-cicle"
                              />
                              添加条件组
                            </button>
                          </div>
                        </div>
                      </div>
                      <div
                        class="cxd-CBGroup-body"
                      >
                        <div
                          class="cxd-CBGroup-placeholder "
                        >
                          空
                        </div>
                      </div>
                    </div>
                  </div>
                  <span
                    class="cxd-TplField cxd-Form-description"
                  >
                    <span>
                      适合让用户自己拼查询条件，然后后端根据数据生成 query where
                    </span>
                  </span>
                </div>
              </form>
            </div>
            <div
              class="cxd-Panel-footerWrap"
            >
              <div
                class="cxd-Panel-btnToolbar cxd-Panel-footer"
              >
                <button
                  class="cxd-Button cxd-Button--primary"
                  type="submit"
                >
                  <span>
                    提交
                  </span>
                </button>
              </div>
            </div>
            <div
              class="resize-sensor"
              style="position: absolute; left: 0px; top: 0px; right: 0px; bottom: 0px; overflow: scroll; z-index: -1; visibility: hidden;"
            >
              
  
              <div
                class="resize-sensor-expand"
                style="position: absolute; left: 0; top: 0; right: 0; bottom: 0; overflow: scroll; z-index: -1; visibility: hidden;"
              >
                
    
                <div
                  style="position: absolute; left: 0px; top: 0px; width: 10px; height: 10px;"
                />
                
  
              </div>
              
  
              <div
                class="resize-sensor-shrink"
                style="position: absolute; left: 0; top: 0; right: 0; bottom: 0; overflow: scroll; z-index: -1; visibility: hidden;"
              >
                
    
                <div
                  style="position: absolute; left: 0; top: 0; width: 200%; height: 200%"
                />
                
  
              </div>
              
  
              <div
                class="resize-sensor-appear"
                style="position: absolute; left: 0; top: 0; right: 0; bottom: 0; overflow: scroll; z-index: -1; visibility: hidden;animation-name: apearSensor; animation-duration: 0.2s;"
              />
            </div>
          </div>
        </div>
      </div>
    </div>
  </div>
</div>
`;
