// Jest Snapshot v1, https://goo.gl/fbAQLP

exports[`Renderer:hbox 1`] = `
<div>
  <div
    class="a-Panel a-Panel--default a-Panel--form"
    style="position: relative;"
  >
    <div
      class="a-Panel-heading"
    >
      <h3
        class="a-Panel-title"
      >
        <span
          class="a-TplField"
        >
          <span>
            The form
          </span>
        </span>
      </h3>
    </div>
    <div
      class="a-Panel-body"
    >
      <form
        class="a-Form a-Form--normal"
        novalidate=""
      >
        <div
          class="a-Form-item a-Form-item--normal"
          data-role="form-item"
        >
          <div
            class="a-FormHbox a-Form-control"
          >
            <div
              class="a-Hbox"
            >
              <div
                class="a-Hbox-col a-Form--normal w-sm"
              >
                <div
                  class="a-Form-item a-Form-item--normal"
                  data-role="form-item"
                >
                  <div
                    class="a-Form-control a-TextControl"
                  >
                    <div
                      class="a-TextControl-input"
                    >
                      <input
                        autocomplete="off"
                        name="text"
                        placeholder="Text"
                        size="10"
                        type="text"
                        value=""
                      />
                    </div>
                  </div>
                </div>
              </div>
              <div
                class="a-Hbox-col a-Form--normal"
              >
                <span
                  class="a-TplField"
                >
                  <span>
                    其他类型的渲染器
                  </span>
                </span>
              </div>
            </div>
          </div>
        </div>
        <input
          style="display: none;"
          type="submit"
        />
      </form>
    </div>
    <div
      class="resize-sensor"
      style="position: absolute; left: 0px; top: 0px; right: 0px; bottom: 0px; overflow: scroll; z-index: -1; visibility: hidden;"
    >
      
  
      <div
        class="resize-sensor-expand"
        style="position: absolute; left: 0; top: 0; right: 0; bottom: 0; overflow: scroll; z-index: -1; visibility: hidden;"
      >
        
    
        <div
          style="position: absolute; left: 0px; top: 0px; width: 10px; height: 10px;"
        />
        
  
      </div>
      
  
      <div
        class="resize-sensor-shrink"
        style="position: absolute; left: 0; top: 0; right: 0; bottom: 0; overflow: scroll; z-index: -1; visibility: hidden;"
      >
        
    
        <div
          style="position: absolute; left: 0; top: 0; width: 200%; height: 200%"
        />
        
  
      </div>
      
  
      <div
        class="resize-sensor-appear"
        style="position: absolute; left: 0; top: 0; right: 0; bottom: 0; overflow: scroll; z-index: -1; visibility: hidden;animation-name: apearSensor; animation-duration: 0.2s;"
      />
    </div>
  </div>
</div>
`;
