// Jest Snapshot v1, https://goo.gl/fbAQLP

exports[`Renderer:icon-picker 1`] = `
<div>
  <div
    class="a-Panel a-Panel--default a-Panel--form"
    style="position: relative;"
  >
    <div
      class="a-Panel-heading"
    >
      <h3
        class="a-Panel-title"
      >
        <span
          class="a-TplField"
        >
          <span>
            The form
          </span>
        </span>
      </h3>
    </div>
    <div
      class="a-Panel-body"
    >
      <form
        class="a-Form a-Form--normal"
        novalidate=""
      >
        <div
          class="a-Form-item a-Form-item--normal"
          data-role="form-item"
        >
          <label
            class="a-Form-label"
          >
            <span>
              <span
                class="a-TplField"
              >
                <span>
                  icon-picker
                </span>
              </span>
            </span>
          </label>
          <div
            class="a-Form-control a-IconPickerControl"
          >
            <div
              aria-expanded="false"
              aria-haspopup="listbox"
              aria-labelledby="downshift-0-label"
              class="a-IconPickerControl-input a-IconPickerControl-input--withAC"
              role="combobox"
            >
              <div
                class="a-IconPickerControl-valueWrap"
              >
                <div
                  class="a-IconPickerControl-value"
                >
                  <i
                    class="glyphicon glyphicon-plus"
                  />
                  glyphicon glyphicon-plus
                </div>
                <input
                  aria-autocomplete="list"
                  aria-labelledby="downshift-0-label"
                  autocomplete="off"
                  id="downshift-0-input"
                  name="a"
                  size="10"
                  value=""
                />
              </div>
            </div>
          </div>
        </div>
        <input
          style="display: none;"
          type="submit"
        />
      </form>
    </div>
    <div
      class="resize-sensor"
      style="position: absolute; left: 0px; top: 0px; right: 0px; bottom: 0px; overflow: scroll; z-index: -1; visibility: hidden;"
    >
      
  
      <div
        class="resize-sensor-expand"
        style="position: absolute; left: 0; top: 0; right: 0; bottom: 0; overflow: scroll; z-index: -1; visibility: hidden;"
      >
        
    
        <div
          style="position: absolute; left: 0px; top: 0px; width: 10px; height: 10px;"
        />
        
  
      </div>
      
  
      <div
        class="resize-sensor-shrink"
        style="position: absolute; left: 0; top: 0; right: 0; bottom: 0; overflow: scroll; z-index: -1; visibility: hidden;"
      >
        
    
        <div
          style="position: absolute; left: 0; top: 0; width: 200%; height: 200%"
        />
        
  
      </div>
      
  
      <div
        class="resize-sensor-appear"
        style="position: absolute; left: 0; top: 0; right: 0; bottom: 0; overflow: scroll; z-index: -1; visibility: hidden;animation-name: apearSensor; animation-duration: 0.2s;"
      />
    </div>
  </div>
</div>
`;
